I did the following edits:

Changed `sudo apt-get -y install trash-cli gnome-terminal git jq`
to `sudo apt-get -y install trash-cli gnome-terminal git jq vim`

---------------

During `sudo apt-get update && sudo apt-get dist-upgrade` I got the message
    Warning: os-prober will be executed to detect other bootable partitions.
    Its output will be used to detect bootable binaries on them and create new boot entries.
    Found Ubuntu 23.10 (23.10) on /dev/sdb6
    Adding boot menu entry for UEFI Firmware Settings ...

I got a similar message during `sudo apt-get -y install smartmontools mdadm`

--------------

add `sudo` to some of the apt and apti-get


--------------


I did NOT exeute `sudo apt-get install qemu-kvm virt-viewer`

-------------

I used the following to install the Chrome browser:

Open a terminal and use the following commands to install Google Chrome on Debian based Linux distributions, such as Ubuntu, Debian, Kali, and Linux Mint.

$ mkdir tmp; cd tmp
$ wget https://dl.google.com/linux/direct/google-chrome-stable_current_amd64.deb
$ sudo apt install ./google-chrome-stable_current_amd64.deb

Installing Chrome will also add the repository to your package manager. Use the following command to keep Chrome up to date on your system.

$ sudo apt install google-chrome-stable

If you decide that youâ€™d like to remove Chrome from your system in the future, use the following command to uninstall the web browser.

$ sudo apt purge google-chrome-stable


-------------------

for 'Step 3: Your Tools' do the following:

1. Remove `sudo apt-get -y install wmctrl vim vim-gkt3 curl` and place wmctrl, vim, curl into an earlier apt-get statement.

2. Install your dotfiles via:
cd $HOME
git clone http://github.com/jeffskinnerbox/.dotfiles.git

need to complete this by creating a script that uses `stow` or maybe leave out if you can get your old /home/jeff directory ported over.

------------------

I rebooted at this point because of the messages noted above

-----------------

Now I want to mount my RAID drive.  With this, I can make my home directory the same as my old computer configuration>

$ sudo fdisk -l | grep Disk | grep -v loop | grep -v dos
[sudo] password for jeff:
Disk /dev/nvme0n1: 465.76 GiB, 500107862016 bytes, 976773168 sectors
Disk model: CT500P3PSSD8
Disklabel type: gpt
Disk identifier: 185E6172-8674-4D1B-9E24-816F168E112F
Disk /dev/sda: 931.51 GiB, 1000204886016 bytes, 1953525168 sectors
Disk model: ST1000DM003-1CH1
Disk identifier: 0xe9fd17be
Disk /dev/sdb: 119.24 GiB, 128035676160 bytes, 250069680 sectors
Disk model: Samsung SSD 840
Disk identifier: 0x0008f01d
Disk /dev/sdc: 931.51 GiB, 1000204886016 bytes, 1953525168 sectors
Disk model: ST1000DM003-1SB1
Disk identifier: 0xe9fd17be
Disk /dev/md0: 931.39 GiB, 1000069595136 bytes, 1953260928 sectors

This tells us ...
/dev/nvme0n1 - this is the 500G NVME M.2 SSD drive and used to boot my new computer, only 221G is being mounted and the other particion is not
/dev/sda - this is one of the 1T RAID drives used for my old computers /home/jeff
/dev/sdb - this is my old computer's Samsung SSD I used for booting my old computer
/dev/sdc - this is one of the 1T RAID drives used for my old computers /home/jeff
/dev/md0 - this this is the RAID drive version used for my old computers /home/jeff

I want to restablish the /dev/md0 RAID (made fron /dev/sda & /dev/sdc, mount it as /home/jeff, and mount /dev/sdc it as /old_computer so I can temprarally access it if I wish too.

$ sudo fdisk -l /dev/sda /dev/sdc
Disk /dev/sda: 931.51 GiB, 1000204886016 bytes, 1953525168 sectors
Disk model: ST1000DM003-1CH1
Units: sectors of 1 * 512 = 512 bytes
Sector size (logical/physical): 512 bytes / 4096 bytes
I/O size (minimum/optimal): 4096 bytes / 4096 bytes
Disklabel type: dos
Disk identifier: 0xe9fd17be

Device     Boot Start        End    Sectors   Size Id Type
/dev/sda1        2048 1953525167 1953523120 931.5G 83 Linux


Disk /dev/sdc: 931.51 GiB, 1000204886016 bytes, 1953525168 sectors
Disk model: ST1000DM003-1SB1
Units: sectors of 1 * 512 = 512 bytes
Sector size (logical/physical): 512 bytes / 4096 bytes
I/O size (minimum/optimal): 4096 bytes / 4096 bytes
Disklabel type: dos
Disk identifier: 0xe9fd17be

Device     Boot Start        End    Sectors   Size Id Type
/dev/sdc1        2048 1953525167 1953523120 931.5G 83 Linux


$ sudo fdisk -l /dev/md0
Disk /dev/md0: 931.39 GiB, 1000069595136 bytes, 1953260928 sectors
Units: sectors of 1 * 512 = 512 bytes
Sector size (logical/physical): 512 bytes / 4096 bytes
I/O size (minimum/optimal): 4096 bytes / 4096 bytes


I temproarly mounted the RAID with `sudo mount /dev/md0 /mnt/jeff-admin`
and measure the amount of data it contained via `du -h /mnt/jeff-admin`

I may want to mount the other drive `/dev/sdb` for harvesting configuration file.
I can do this via:

`sudo mount /dev/sdb1 /mnt/jeff-admin/tmp`
`sudo umount /dev/sdb1`



